Archive member included because of file (symbol)

c:/imt_sdk_win_64/winavr/bin/../lib/gcc/avr/4.3.3/avr5\libgcc.a(_divmodhi4.o)
                              ./HAL/LCD/LCD_Program.o (__divmodhi4)
c:/imt_sdk_win_64/winavr/bin/../lib/gcc/avr/4.3.3/avr5\libgcc.a(_exit.o)
                              c:/imt_sdk_win_64/winavr/bin/../lib/gcc/avr/4.3.3/../../../../avr/lib/avr5/crtm32.o (exit)
c:/imt_sdk_win_64/winavr/bin/../lib/gcc/avr/4.3.3/avr5\libgcc.a(_copy_data.o)
                              ./main.o (__do_copy_data)
c:/imt_sdk_win_64/winavr/bin/../lib/gcc/avr/4.3.3/avr5\libgcc.a(_clear_bss.o)
                              ./main.o (__do_clear_bss)
c:/imt_sdk_win_64/winavr/bin/../lib/gcc/avr/4.3.3/avr5\libgcc.a(_udivmodhi4.o)
                              c:/imt_sdk_win_64/winavr/bin/../lib/gcc/avr/4.3.3/avr5\libgcc.a(_divmodhi4.o) (__udivmodhi4)

Memory Configuration

Name             Origin             Length             Attributes
text             0x00000000         0x00020000         xr
data             0x00800060         0x0000ffa0         rw !x
eeprom           0x00810000         0x00010000         rw !x
fuse             0x00820000         0x00000400         rw !x
lock             0x00830000         0x00000400         rw !x
signature        0x00840000         0x00000400         rw !x
*default*        0x00000000         0xffffffff

Linker script and memory map

LOAD c:/imt_sdk_win_64/winavr/bin/../lib/gcc/avr/4.3.3/../../../../avr/lib/avr5/crtm32.o
LOAD ./MCAL/DIO/DIO_Program.o
LOAD ./HAL/LCD/LCD_Program.o
LOAD ./main.o
LOAD c:/imt_sdk_win_64/winavr/bin/../lib/gcc/avr/4.3.3/avr5\libgcc.a
LOAD c:/imt_sdk_win_64/winavr/bin/../lib/gcc/avr/4.3.3/../../../../avr/lib/avr5\libc.a
LOAD c:/imt_sdk_win_64/winavr/bin/../lib/gcc/avr/4.3.3/avr5\libgcc.a

.hash
 *(.hash)

.dynsym
 *(.dynsym)

.dynstr
 *(.dynstr)

.gnu.version
 *(.gnu.version)

.gnu.version_d
 *(.gnu.version_d)

.gnu.version_r
 *(.gnu.version_r)

.rel.init
 *(.rel.init)

.rela.init
 *(.rela.init)

.rel.text
 *(.rel.text)
 *(.rel.text.*)
 *(.rel.gnu.linkonce.t*)

.rela.text
 *(.rela.text)
 *(.rela.text.*)
 *(.rela.gnu.linkonce.t*)

.rel.fini
 *(.rel.fini)

.rela.fini
 *(.rela.fini)

.rel.rodata
 *(.rel.rodata)
 *(.rel.rodata.*)
 *(.rel.gnu.linkonce.r*)

.rela.rodata
 *(.rela.rodata)
 *(.rela.rodata.*)
 *(.rela.gnu.linkonce.r*)

.rel.data
 *(.rel.data)
 *(.rel.data.*)
 *(.rel.gnu.linkonce.d*)

.rela.data
 *(.rela.data)
 *(.rela.data.*)
 *(.rela.gnu.linkonce.d*)

.rel.ctors
 *(.rel.ctors)

.rela.ctors
 *(.rela.ctors)

.rel.dtors
 *(.rel.dtors)

.rela.dtors
 *(.rela.dtors)

.rel.got
 *(.rel.got)

.rela.got
 *(.rela.got)

.rel.bss
 *(.rel.bss)

.rela.bss
 *(.rela.bss)

.rel.plt
 *(.rel.plt)

.rela.plt
 *(.rela.plt)

.text           0x00000000      0xaf2
 *(.vectors)
 .vectors       0x00000000       0x54 c:/imt_sdk_win_64/winavr/bin/../lib/gcc/avr/4.3.3/../../../../avr/lib/avr5/crtm32.o
                0x00000000                __vectors
                0x00000000                __vector_default
 *(.vectors)
 *(.progmem.gcc*)
 *(.progmem*)
                0x00000054                . = ALIGN (0x2)
                0x00000054                __trampolines_start = .
 *(.trampolines)
 .trampolines   0x00000054        0x0 linker stubs
 *(.trampolines*)
                0x00000054                __trampolines_end = .
 *(.jumptables)
 *(.jumptables*)
 *(.lowtext)
 *(.lowtext*)
                0x00000054                __ctors_start = .
 *(.ctors)
                0x00000054                __ctors_end = .
                0x00000054                __dtors_start = .
 *(.dtors)
                0x00000054                __dtors_end = .
 SORT(*)(.ctors)
 SORT(*)(.dtors)
 *(.init0)
 .init0         0x00000054        0x0 c:/imt_sdk_win_64/winavr/bin/../lib/gcc/avr/4.3.3/../../../../avr/lib/avr5/crtm32.o
                0x00000054                __init
 *(.init0)
 *(.init1)
 *(.init1)
 *(.init2)
 .init2         0x00000054        0xc c:/imt_sdk_win_64/winavr/bin/../lib/gcc/avr/4.3.3/../../../../avr/lib/avr5/crtm32.o
 *(.init2)
 *(.init3)
 *(.init3)
 *(.init4)
 .init4         0x00000060       0x16 c:/imt_sdk_win_64/winavr/bin/../lib/gcc/avr/4.3.3/avr5\libgcc.a(_copy_data.o)
                0x00000060                __do_copy_data
 .init4         0x00000076       0x10 c:/imt_sdk_win_64/winavr/bin/../lib/gcc/avr/4.3.3/avr5\libgcc.a(_clear_bss.o)
                0x00000076                __do_clear_bss
 *(.init4)
 *(.init5)
 *(.init5)
 *(.init6)
 *(.init6)
 *(.init7)
 *(.init7)
 *(.init8)
 *(.init8)
 *(.init9)
 .init9         0x00000086        0x8 c:/imt_sdk_win_64/winavr/bin/../lib/gcc/avr/4.3.3/../../../../avr/lib/avr5/crtm32.o
 *(.init9)
 *(.text)
 .text          0x0000008e        0x4 c:/imt_sdk_win_64/winavr/bin/../lib/gcc/avr/4.3.3/../../../../avr/lib/avr5/crtm32.o
                0x0000008e                __vector_1
                0x0000008e                __vector_12
                0x0000008e                __bad_interrupt
                0x0000008e                __vector_6
                0x0000008e                __vector_3
                0x0000008e                __vector_11
                0x0000008e                __vector_13
                0x0000008e                __vector_17
                0x0000008e                __vector_19
                0x0000008e                __vector_7
                0x0000008e                __vector_5
                0x0000008e                __vector_4
                0x0000008e                __vector_9
                0x0000008e                __vector_2
                0x0000008e                __vector_15
                0x0000008e                __vector_8
                0x0000008e                __vector_14
                0x0000008e                __vector_10
                0x0000008e                __vector_16
                0x0000008e                __vector_18
                0x0000008e                __vector_20
 .text          0x00000092        0x0 ./MCAL/DIO/DIO_Program.o
 .text          0x00000092        0x0 ./HAL/LCD/LCD_Program.o
 .text          0x00000092        0x0 ./main.o
 .text          0x00000092        0x0 c:/imt_sdk_win_64/winavr/bin/../lib/gcc/avr/4.3.3/avr5\libgcc.a(_divmodhi4.o)
 .text          0x00000092        0x0 c:/imt_sdk_win_64/winavr/bin/../lib/gcc/avr/4.3.3/avr5\libgcc.a(_exit.o)
 .text          0x00000092        0x0 c:/imt_sdk_win_64/winavr/bin/../lib/gcc/avr/4.3.3/avr5\libgcc.a(_copy_data.o)
 .text          0x00000092        0x0 c:/imt_sdk_win_64/winavr/bin/../lib/gcc/avr/4.3.3/avr5\libgcc.a(_clear_bss.o)
 .text          0x00000092        0x0 c:/imt_sdk_win_64/winavr/bin/../lib/gcc/avr/4.3.3/avr5\libgcc.a(_udivmodhi4.o)
                0x00000092                . = ALIGN (0x2)
 *(.text.*)
 .text.DIO_SetPin
                0x00000092       0xe2 ./MCAL/DIO/DIO_Program.o
                0x00000092                DIO_SetPin
 .text.DIO_SetPort
                0x00000174       0x22 ./MCAL/DIO/DIO_Program.o
                0x00000174                DIO_SetPort
 .text.DIO_TogPin
                0x00000196       0x6a ./MCAL/DIO/DIO_Program.o
                0x00000196                DIO_TogPin
 .text.DIO_GetPin
                0x00000200       0x40 ./MCAL/DIO/DIO_Program.o
                0x00000200                DIO_GetPin
 .text.DIO_GetPort
                0x00000240       0x24 ./MCAL/DIO/DIO_Program.o
                0x00000240                DIO_GetPort
 .text.DIO_PinDirection
                0x00000264       0x96 ./MCAL/DIO/DIO_Program.o
                0x00000264                DIO_PinDirection
 .text.DIO_PortDirection
                0x000002fa       0x50 ./MCAL/DIO/DIO_Program.o
                0x000002fa                DIO_PortDirection
 .text.LCD_SendCom
                0x0000034a       0x1a ./HAL/LCD/LCD_Program.o
                0x0000034a                LCD_SendCom
 .text.LCD_Init
                0x00000364       0xa4 ./HAL/LCD/LCD_Program.o
                0x00000364                LCD_Init
 .text.LCD_SendChar
                0x00000408       0x1c ./HAL/LCD/LCD_Program.o
                0x00000408                LCD_SendChar
 .text.LCD_SendString
                0x00000424       0x28 ./HAL/LCD/LCD_Program.o
                0x00000424                LCD_SendString
 .text.LCD_SendIntNumb
                0x0000044c       0x9a ./HAL/LCD/LCD_Program.o
                0x0000044c                LCD_SendIntNumb
 .text.LCD_Calculator
                0x000004e6       0x78 ./HAL/LCD/LCD_Program.o
                0x000004e6                LCD_Calculator
 .text.LCD_voidGoto
                0x0000055e       0x28 ./HAL/LCD/LCD_Program.o
                0x0000055e                LCD_voidGoto
 .text.LCD_WriteToCGRAM
                0x00000586       0x9c ./HAL/LCD/LCD_Program.o
                0x00000586                LCD_WriteToCGRAM
 .text.Get_Bot  0x00000622       0x66 ./main.o
                0x00000622                Get_Bot
 .text.Block    0x00000688       0x10 ./main.o
                0x00000688                Block
 .text.Clear_Blok
                0x00000698       0x26 ./main.o
                0x00000698                Clear_Blok
 .text.packManUpdate
                0x000006be      0x17e ./main.o
                0x000006be                packManUpdate
 .text.EnmiUpdate
                0x0000083c       0x72 ./main.o
                0x0000083c                EnmiUpdate
 .text.Seed     0x000008ae       0x5e ./main.o
                0x000008ae                Seed
 .text.END_GAME
                0x0000090c       0xb0 ./main.o
                0x0000090c                END_GAME
 .text.main     0x000009bc       0xe4 ./main.o
                0x000009bc                main
 .text.libgcc   0x00000aa0       0x26 c:/imt_sdk_win_64/winavr/bin/../lib/gcc/avr/4.3.3/avr5\libgcc.a(_divmodhi4.o)
                0x00000aa0                __divmodhi4
                0x00000aa0                _div
 .text.libgcc   0x00000ac6        0x0 c:/imt_sdk_win_64/winavr/bin/../lib/gcc/avr/4.3.3/avr5\libgcc.a(_exit.o)
 .text.libgcc   0x00000ac6        0x0 c:/imt_sdk_win_64/winavr/bin/../lib/gcc/avr/4.3.3/avr5\libgcc.a(_copy_data.o)
 .text.libgcc   0x00000ac6        0x0 c:/imt_sdk_win_64/winavr/bin/../lib/gcc/avr/4.3.3/avr5\libgcc.a(_clear_bss.o)
 .text.libgcc   0x00000ac6       0x28 c:/imt_sdk_win_64/winavr/bin/../lib/gcc/avr/4.3.3/avr5\libgcc.a(_udivmodhi4.o)
                0x00000ac6                __udivmodhi4
                0x00000aee                . = ALIGN (0x2)
 *(.fini9)
 .fini9         0x00000aee        0x0 c:/imt_sdk_win_64/winavr/bin/../lib/gcc/avr/4.3.3/avr5\libgcc.a(_exit.o)
                0x00000aee                exit
                0x00000aee                _exit
 *(.fini9)
 *(.fini8)
 *(.fini8)
 *(.fini7)
 *(.fini7)
 *(.fini6)
 *(.fini6)
 *(.fini5)
 *(.fini5)
 *(.fini4)
 *(.fini4)
 *(.fini3)
 *(.fini3)
 *(.fini2)
 *(.fini2)
 *(.fini1)
 *(.fini1)
 *(.fini0)
 .fini0         0x00000aee        0x4 c:/imt_sdk_win_64/winavr/bin/../lib/gcc/avr/4.3.3/avr5\libgcc.a(_exit.o)
 *(.fini0)
                0x00000af2                _etext = .

.data           0x00800060       0x5c load address 0x00000af2
                0x00800060                PROVIDE (__data_start, .)
 *(.data)
 .data          0x00800060        0x0 c:/imt_sdk_win_64/winavr/bin/../lib/gcc/avr/4.3.3/../../../../avr/lib/avr5/crtm32.o
 .data          0x00800060        0x0 ./MCAL/DIO/DIO_Program.o
 .data          0x00800060        0x0 ./HAL/LCD/LCD_Program.o
 .data          0x00800060       0x22 ./main.o
 .data          0x00800082        0x0 c:/imt_sdk_win_64/winavr/bin/../lib/gcc/avr/4.3.3/avr5\libgcc.a(_divmodhi4.o)
 .data          0x00800082        0x0 c:/imt_sdk_win_64/winavr/bin/../lib/gcc/avr/4.3.3/avr5\libgcc.a(_exit.o)
 .data          0x00800082        0x0 c:/imt_sdk_win_64/winavr/bin/../lib/gcc/avr/4.3.3/avr5\libgcc.a(_copy_data.o)
 .data          0x00800082        0x0 c:/imt_sdk_win_64/winavr/bin/../lib/gcc/avr/4.3.3/avr5\libgcc.a(_clear_bss.o)
 .data          0x00800082        0x0 c:/imt_sdk_win_64/winavr/bin/../lib/gcc/avr/4.3.3/avr5\libgcc.a(_udivmodhi4.o)
 *(.data*)
 .data.Enmi_Pos
                0x00800082        0x2 ./main.o
                0x00800082                Enmi_Pos
 .data.Seed_Arr
                0x00800084       0x1e ./main.o
 .data.Speed.1331
                0x008000a2        0x1 ./main.o
 .data.direction.1330
                0x008000a3        0x1 ./main.o
 *(.rodata)
 *(.rodata*)
 .rodata.C.2.1322
                0x008000a4        0x8 ./main.o
 .rodata.C.1.1321
                0x008000ac        0x8 ./main.o
 .rodata.C.0.1320
                0x008000b4        0x8 ./main.o
 *(.gnu.linkonce.d*)
                0x008000bc                . = ALIGN (0x2)
                0x008000bc                _edata = .
                0x008000bc                PROVIDE (__data_end, .)

.bss            0x008000bc        0x5
                0x008000bc                PROVIDE (__bss_start, .)
 *(.bss)
 .bss           0x008000bc        0x0 c:/imt_sdk_win_64/winavr/bin/../lib/gcc/avr/4.3.3/../../../../avr/lib/avr5/crtm32.o
 .bss           0x008000bc        0x0 ./MCAL/DIO/DIO_Program.o
 .bss           0x008000bc        0x0 ./HAL/LCD/LCD_Program.o
 .bss           0x008000bc        0x0 ./main.o
 .bss           0x008000bc        0x0 c:/imt_sdk_win_64/winavr/bin/../lib/gcc/avr/4.3.3/avr5\libgcc.a(_divmodhi4.o)
 .bss           0x008000bc        0x0 c:/imt_sdk_win_64/winavr/bin/../lib/gcc/avr/4.3.3/avr5\libgcc.a(_exit.o)
 .bss           0x008000bc        0x0 c:/imt_sdk_win_64/winavr/bin/../lib/gcc/avr/4.3.3/avr5\libgcc.a(_copy_data.o)
 .bss           0x008000bc        0x0 c:/imt_sdk_win_64/winavr/bin/../lib/gcc/avr/4.3.3/avr5\libgcc.a(_clear_bss.o)
 .bss           0x008000bc        0x0 c:/imt_sdk_win_64/winavr/bin/../lib/gcc/avr/4.3.3/avr5\libgcc.a(_udivmodhi4.o)
 *(.bss*)
 .bss.Animation
                0x008000bc        0x1 ./main.o
                0x008000bc                Animation
 .bss.pacMan_Pos
                0x008000bd        0x2 ./main.o
                0x008000bd                pacMan_Pos
 .bss.Points    0x008000bf        0x1 ./main.o
                0x008000bf                Points
 .bss.Speed.1343
                0x008000c0        0x1 ./main.o
 *(COMMON)
                0x008000c1                PROVIDE (__bss_end, .)
                0x00000af2                __data_load_start = LOADADDR (.data)
                0x00000b4e                __data_load_end = (__data_load_start + SIZEOF (.data))

.noinit         0x008000c1        0x0
                0x008000c1                PROVIDE (__noinit_start, .)
 *(.noinit*)
                0x008000c1                PROVIDE (__noinit_end, .)
                0x008000c1                _end = .
                0x008000c1                PROVIDE (__heap_start, .)

.eeprom         0x00810000        0x0
 *(.eeprom*)
                0x00810000                __eeprom_end = .

.fuse
 *(.fuse)
 *(.lfuse)
 *(.hfuse)
 *(.efuse)

.lock
 *(.lock*)

.signature
 *(.signature*)

.stab
 *(.stab)

.stabstr
 *(.stabstr)

.stab.excl
 *(.stab.excl)

.stab.exclstr
 *(.stab.exclstr)

.stab.index
 *(.stab.index)

.stab.indexstr
 *(.stab.indexstr)

.comment
 *(.comment)

.debug
 *(.debug)

.line
 *(.line)

.debug_srcinfo
 *(.debug_srcinfo)

.debug_sfnames
 *(.debug_sfnames)

.debug_aranges
 *(.debug_aranges)

.debug_pubnames
 *(.debug_pubnames)

.debug_info
 *(.debug_info)
 *(.gnu.linkonce.wi.*)

.debug_abbrev
 *(.debug_abbrev)

.debug_line
 *(.debug_line)

.debug_frame
 *(.debug_frame)

.debug_str
 *(.debug_str)

.debug_loc
 *(.debug_loc)

.debug_macinfo
 *(.debug_macinfo)
OUTPUT(Main.c.elf elf32-avr)
LOAD linker stubs
